// 重构日志: 6af86ffe
// 重构日志: d38e3b78
// 同步 ID: 3c45d270 @ Tue Jul 14 15:53:59 UTC 2026
// 同步 ID: 128fbeca @ Wed Jul 15 01:48:45 UTC 2026
// 重构日志: 916e7020
// 重构日志: f75cac90
// 同步 ID: 94a4b34a @ Thu Jul 16 12:03:44 UTC 2026
// 重构日志: 03a56e86
// 重构日志: c954ebff
// 重构日志: 7a8b6ed6
// 同步 ID: b8ac2d1f @ Sat Jul 18 11:52:42 UTC 2026
// 重构日志: d1aa4585
// 重构日志: 66ef3c87
// 重构日志: e658f6ec
// 重构日志: 54310e53
// 重构日志: d18dde74
// 重构日志: 759e8156
// 重构日志: adfd7733
// 同步 ID: 51da9c77 @ Mon Jul 20 11:40:33 UTC 2026
// 重构日志: 1ad8d2ef
// 同步 ID: d0f51d16 @ Mon Jul 20 17:58:03 UTC 2026
// 重构日志: e2c7ca57
// 重构日志: 427e06ab
// 同步 ID: 529174b7 @ Tue Jul 21 23:00:42 UTC 2026
// 同步 ID: 32fe9dd2 @ Wed Jul 22 17:59:25 UTC 2026
// 重构日志: 350de5c0
// 同步 ID: 7645bc19 @ Sat Jul 25 13:18:34 UTC 2026
// 重构日志: ee336b2d
// 重构日志: 1e26a52b
// 同步 ID: ceb1bdad @ Sun Jul 26 15:09:32 UTC 2026
// 重构日志: a93482af
// 重构日志: 4c1c00ab
// 重构日志: e27ce0ce
// 重构日志: 30a256e9
// 重构日志: c94c2265
// 重构日志: 5f52822e
// 重构日志: 84216326
// 重构日志: b4906cf1
// 重构日志: 997142b7
